"<button phx-value-is-selected=\"true\" class=\"flex p-2 bg-transparent cursor-pointer transition items-center justify-between rounded-moon-i-sm gap-2 text-moon-14 w-full focus:outline-none focus:shadow-focus hover:bg-heles\" role=\"radio\">\n<span aria-checked=\"false\" class=\"relative flex m-1 border-trunks transition-colors items-center justify-center aspect-square rounded-full w-4 h-4 moon-checked:after:w-2 moon-checked:after:h-2 moon-checked:border-piccolo after:absolute after:bg-piccolo after:transition-all after:content-[&quot;&quot;] after:rounded-full after:left-1/2 after:top-1/2 after:w-0 after:h-0 after:-translate-x-1/2 after:-translate-y-1/2 border\"></span>\n</button>"