"<button phx-value-is-selected=\"true\" class=\"flex p-2 bg-transparent cursor-pointer transition items-center justify-between rounded-moon-i-sm gap-2 text-moon-14 w-full focus:outline-none focus:shadow-focus hover:bg-heles\">\n<span class=\"block text-bulma text-start grow overflow-hidden\">\nHere I am\n</span>\n</button>"