"<span class=\"block text-bulma text-start grow overflow-hidden\">\nHere I am\n</span>"